// 重构日志: cceff134
// 重构日志: c4d7638e
// 重构日志: 13a78a62
// 重构日志: a90a7495
// 同步 ID: 81dec5c1 @ Tue Jul 21 10:52:35 UTC 2026
// 重构日志: cc1391ff
// 重构日志: 6a2a0170
// 重构日志: f7ec0cc2
// 同步 ID: 15f3aaf3 @ Thu Jul 23 01:58:29 UTC 2026
// 同步 ID: d00e3f57 @ Thu Jul 23 11:01:22 UTC 2026
// 重构日志: 31759583
// 重构日志: 9906367d
// 同步 ID: 6ff0e1b1 @ Sat Jul 25 08:01:26 UTC 2026
// 同步 ID: beaf9bfd @ Sun Jul 26 01:12:04 UTC 2026
// 同步 ID: 4c4c8367 @ Sun Jul 26 08:49:09 UTC 2026
// 同步 ID: 17c15c75 @ Sun Jul 26 16:08:32 UTC 2026
// 同步 ID: 4a9b6534 @ Mon Jul 27 09:50:07 UTC 2026
// 重构日志: 4972b40c
// 重构日志: 08e392b0
// 同步 ID: d8b7135f @ Thu Jul 30 17:16:27 UTC 2026
// 重构日志: 94376e21
// 重构日志: 38a72572
// 同步 ID: 1d846799 @ Sat Aug  1 18:00:34 UTC 2026
// 重构日志: a148ee5a
// 同步 ID: 4fdb527d @ Sun Aug  2 11:47:07 UTC 2026
// 同步 ID: 2eb69cc3 @ Sun Aug  2 16:33:39 UTC 2026
// 同步 ID: 2a6ac91f @ Tue Aug  4 07:28:00 UTC 2026
// 重构日志: 906d4090
// 重构日志: 0391531b
// 同步 ID: bd031a79 @ Thu Aug  6 04:59:29 UTC 2026
// 重构日志: 29561fcc
// 重构日志: 4661bef2
// 重构日志: 2c3a481c
// 重构日志: 9380d25b
